// Jest Snapshot v1, https://goo.gl/fbAQLP

exports[`Grid renders correctly 1`] = `
<DocumentFragment>
  .emotion-0 {
  display: grid;
  grid-template-columns: repeat(12, auto);
  width: -webkit-max-content;
  width: -moz-max-content;
  width: max-content;
  padding: 1vw;
}

.emotion-1 {
  display: -webkit-box;
  display: -webkit-flex;
  display: -ms-flexbox;
  display: flex;
  -webkit-align-items: center;
  -webkit-box-align: center;
  -ms-flex-align: center;
  align-items: center;
  -webkit-box-pack: center;
  -ms-flex-pack: center;
  -webkit-justify-content: center;
  justify-content: center;
  -webkit-user-select: none;
  -moz-user-select: none;
  -ms-user-select: none;
  user-select: none;
  cursor: pointer;
  width: 1.8vw;
  height: 1.8vw;
  color: transparent;
  background-color: #d1d1d1;
  border: 0.6vh solid transparent;
  border-color: white #9e9e9e #9e9e9e white;
  border-color: #dddddd;
  cursor: default;
  color: rgba(0,0,0,0);
  background-color: #ec433c;
}

.emotion-1:hover {
  -webkit-filter: brightness(1.1);
  filter: brightness(1.1);
}

.emotion-1:hover {
  -webkit-filter: brightness(1);
  filter: brightness(1);
}

.emotion-2 {
  border-radius: 50%;
  width: 1vw;
  height: 1vw;
  background-color: #333;
}

.emotion-3 {
  display: -webkit-box;
  display: -webkit-flex;
  display: -ms-flexbox;
  display: flex;
  -webkit-align-items: center;
  -webkit-box-align: center;
  -ms-flex-align: center;
  align-items: center;
  -webkit-box-pack: center;
  -ms-flex-pack: center;
  -webkit-justify-content: center;
  justify-content: center;
  -webkit-user-select: none;
  -moz-user-select: none;
  -ms-user-select: none;
  user-select: none;
  cursor: pointer;
  width: 1.8vw;
  height: 1.8vw;
  color: transparent;
  background-color: #d1d1d1;
  border: 0.6vh solid transparent;
  border-color: white #9e9e9e #9e9e9e white;
  border-color: #dddddd;
  cursor: default;
  color: #2bb13d;
}

.emotion-3:hover {
  -webkit-filter: brightness(1.1);
  filter: brightness(1.1);
}

.emotion-3:hover {
  -webkit-filter: brightness(1);
  filter: brightness(1);
}

.emotion-6 {
  display: -webkit-box;
  display: -webkit-flex;
  display: -ms-flexbox;
  display: flex;
  -webkit-align-items: center;
  -webkit-box-align: center;
  -ms-flex-align: center;
  align-items: center;
  -webkit-box-pack: center;
  -ms-flex-pack: center;
  -webkit-justify-content: center;
  justify-content: center;
  -webkit-user-select: none;
  -moz-user-select: none;
  -ms-user-select: none;
  user-select: none;
  cursor: pointer;
  width: 1.8vw;
  height: 1.8vw;
  color: transparent;
  background-color: #d1d1d1;
  border: 0.6vh solid transparent;
  border-color: white #9e9e9e #9e9e9e white;
  border-color: #dddddd;
  cursor: default;
  color: #2a48ec;
}

.emotion-6:hover {
  -webkit-filter: brightness(1.1);
  filter: brightness(1.1);
}

.emotion-6:hover {
  -webkit-filter: brightness(1);
  filter: brightness(1);
}

.emotion-7 {
  display: -webkit-box;
  display: -webkit-flex;
  display: -ms-flexbox;
  display: flex;
  -webkit-align-items: center;
  -webkit-box-align: center;
  -ms-flex-align: center;
  align-items: center;
  -webkit-box-pack: center;
  -ms-flex-pack: center;
  -webkit-justify-content: center;
  justify-content: center;
  -webkit-user-select: none;
  -moz-user-select: none;
  -ms-user-select: none;
  user-select: none;
  cursor: pointer;
  width: 1.8vw;
  height: 1.8vw;
  color: transparent;
  background-color: #d1d1d1;
  border: 0.6vh solid transparent;
  border-color: white #9e9e9e #9e9e9e white;
  border-color: #dddddd;
  cursor: default;
  color: rgba(0,0,0,0);
}

.emotion-7:hover {
  -webkit-filter: brightness(1.1);
  filter: brightness(1.1);
}

.emotion-7:hover {
  -webkit-filter: brightness(1);
  filter: brightness(1);
}

.emotion-34 {
  display: -webkit-box;
  display: -webkit-flex;
  display: -ms-flexbox;
  display: flex;
  -webkit-align-items: center;
  -webkit-box-align: center;
  -ms-flex-align: center;
  align-items: center;
  -webkit-box-pack: center;
  -ms-flex-pack: center;
  -webkit-justify-content: center;
  justify-content: center;
  -webkit-user-select: none;
  -moz-user-select: none;
  -ms-user-select: none;
  user-select: none;
  cursor: pointer;
  width: 1.8vw;
  height: 1.8vw;
  color: transparent;
  background-color: #d1d1d1;
  border: 0.6vh solid transparent;
  border-color: white #9e9e9e #9e9e9e white;
}

.emotion-34:hover {
  -webkit-filter: brightness(1.1);
  filter: brightness(1.1);
}

.emotion-72 {
  display: -webkit-box;
  display: -webkit-flex;
  display: -ms-flexbox;
  display: flex;
  -webkit-align-items: center;
  -webkit-box-align: center;
  -ms-flex-align: center;
  align-items: center;
  -webkit-box-pack: center;
  -ms-flex-pack: center;
  -webkit-justify-content: center;
  justify-content: center;
  -webkit-user-select: none;
  -moz-user-select: none;
  -ms-user-select: none;
  user-select: none;
  cursor: pointer;
  width: 1.8vw;
  height: 1.8vw;
  color: transparent;
  background-color: #d1d1d1;
  border: 0.6vh solid transparent;
  border-color: white #9e9e9e #9e9e9e white;
  border-color: #dddddd;
  cursor: default;
  color: #ec6561;
}

.emotion-72:hover {
  -webkit-filter: brightness(1.1);
  filter: brightness(1.1);
}

.emotion-72:hover {
  -webkit-filter: brightness(1);
  filter: brightness(1);
}

.emotion-85 {
  display: -webkit-box;
  display: -webkit-flex;
  display: -ms-flexbox;
  display: flex;
  -webkit-align-items: center;
  -webkit-box-align: center;
  -ms-flex-align: center;
  align-items: center;
  -webkit-box-pack: center;
  -ms-flex-pack: center;
  -webkit-justify-content: center;
  justify-content: center;
  -webkit-user-select: none;
  -moz-user-select: none;
  -ms-user-select: none;
  user-select: none;
  cursor: pointer;
  width: 1.8vw;
  height: 1.8vw;
  color: transparent;
  background-color: #d1d1d1;
  border: 0.6vh solid transparent;
  border-color: white #9e9e9e #9e9e9e white;
  border-color: #dddddd;
  cursor: default;
  color: #233db7;
}

.emotion-85:hover {
  -webkit-filter: brightness(1.1);
  filter: brightness(1.1);
}

.emotion-85:hover {
  -webkit-filter: brightness(1);
  filter: brightness(1);
}

<div
    class="emotion-0"
    role="grid"
    size="12"
  >
    <div
      class="emotion-1"
      data-testid="0,0"
      role="cell"
    >
      <div
        class="emotion-2"
        data-testid="bomb_0,0"
      />
    </div>
    <div
      class="emotion-3"
      data-testid="0,1"
      role="cell"
    >
      2
    </div>
    <div
      class="emotion-1"
      data-testid="0,2"
      role="cell"
    >
      <div
        class="emotion-2"
        data-testid="bomb_0,2"
      />
    </div>
    <div
      class="emotion-6"
      data-testid="0,3"
      role="cell"
    >
      1
    </div>
    <div
      class="emotion-7"
      data-testid="0,4"
      role="cell"
    >
      0
    </div>
    <div
      class="emotion-7"
      data-testid="0,5"
      role="cell"
    >
      0
    </div>
    <div
      class="emotion-6"
      data-testid="0,6"
      role="cell"
    >
      1
    </div>
    <div
      class="emotion-6"
      data-testid="0,7"
      role="cell"
    >
      1
    </div>
    <div
      class="emotion-6"
      data-testid="0,8"
      role="cell"
    >
      1
    </div>
    <div
      class="emotion-6"
      data-testid="0,9"
      role="cell"
    >
      1
    </div>
    <div
      class="emotion-6"
      data-testid="0,10"
      role="cell"
    >
      1
    </div>
    <div
      class="emotion-6"
      data-testid="0,11"
      role="cell"
    >
      1
    </div>
    <div
      class="emotion-6"
      data-testid="1,0"
      role="cell"
    >
      1
    </div>
    <div
      class="emotion-3"
      data-testid="1,1"
      role="cell"
    >
      2
    </div>
    <div
      class="emotion-3"
      data-testid="1,2"
      role="cell"
    >
      2
    </div>
    <div
      class="emotion-3"
      data-testid="1,3"
      role="cell"
    >
      2
    </div>
    <div
      class="emotion-6"
      data-testid="1,4"
      role="cell"
    >
      1
    </div>
    <div
      class="emotion-7"
      data-testid="1,5"
      role="cell"
    >
      0
    </div>
    <div
      class="emotion-6"
      data-testid="1,6"
      role="cell"
    >
      1
    </div>
    <div
      class="emotion-1"
      data-testid="1,7"
      role="cell"
    >
      <div
        class="emotion-2"
        data-testid="bomb_1,7"
      />
    </div>
    <div
      class="emotion-6"
      data-testid="1,8"
      role="cell"
    >
      1
    </div>
    <div
      class="emotion-6"
      data-testid="1,9"
      role="cell"
    >
      1
    </div>
    <div
      class="emotion-1"
      data-testid="1,10"
      role="cell"
    >
      <div
        class="emotion-2"
        data-testid="bomb_1,10"
      />
    </div>
    <div
      class="emotion-6"
      data-testid="1,11"
      role="cell"
    >
      1
    </div>
    <div
      class="emotion-7"
      data-testid="2,0"
      role="cell"
    >
      0
    </div>
    <div
      class="emotion-7"
      data-testid="2,1"
      role="cell"
    >
      0
    </div>
    <div
      class="emotion-6"
      data-testid="2,2"
      role="cell"
    >
      1
    </div>
    <div
      class="emotion-1"
      data-testid="2,3"
      role="cell"
    >
      <div
        class="emotion-2"
        data-testid="bomb_2,3"
      />
    </div>
    <div
      class="emotion-34"
      data-testid="2,4"
      role="cell"
    >
      10
    </div>
    <div
      class="emotion-7"
      data-testid="2,5"
      role="cell"
    >
      0
    </div>
    <div
      class="emotion-3"
      data-testid="2,6"
      role="cell"
    >
      2
    </div>
    <div
      class="emotion-3"
      data-testid="2,7"
      role="cell"
    >
      2
    </div>
    <div
      class="emotion-3"
      data-testid="2,8"
      role="cell"
    >
      2
    </div>
    <div
      class="emotion-6"
      data-testid="2,9"
      role="cell"
    >
      1
    </div>
    <div
      class="emotion-6"
      data-testid="2,10"
      role="cell"
    >
      1
    </div>
    <div
      class="emotion-6"
      data-testid="2,11"
      role="cell"
    >
      1
    </div>
    <div
      class="emotion-7"
      data-testid="3,0"
      role="cell"
    >
      0
    </div>
    <div
      class="emotion-7"
      data-testid="3,1"
      role="cell"
    >
      0
    </div>
    <div
      class="emotion-34"
      data-testid="3,2"
      role="cell"
    >
      10
    </div>
    <div
      class="emotion-34"
      data-testid="3,3"
      role="cell"
    >
      10
    </div>
    <div
      class="emotion-6"
      data-testid="3,4"
      role="cell"
    >
      1
    </div>
    <div
      class="emotion-7"
      data-testid="3,5"
      role="cell"
    >
      0
    </div>
    <div
      class="emotion-6"
      data-testid="3,6"
      role="cell"
    >
      1
    </div>
    <div
      class="emotion-1"
      data-testid="3,7"
      role="cell"
    >
      <div
        class="emotion-2"
        data-testid="bomb_3,7"
      />
    </div>
    <div
      class="emotion-6"
      data-testid="3,8"
      role="cell"
    >
      1
    </div>
    <div
      class="emotion-3"
      data-testid="3,9"
      role="cell"
    >
      2
    </div>
    <div
      class="emotion-3"
      data-testid="3,10"
      role="cell"
    >
      2
    </div>
    <div
      class="emotion-3"
      data-testid="3,11"
      role="cell"
    >
      2
    </div>
    <div
      class="emotion-7"
      data-testid="4,0"
      role="cell"
    >
      0
    </div>
    <div
      class="emotion-6"
      data-testid="4,1"
      role="cell"
    >
      1
    </div>
    <div
      class="emotion-6"
      data-testid="4,2"
      role="cell"
    >
      1
    </div>
    <div
      class="emotion-3"
      data-testid="4,3"
      role="cell"
    >
      2
    </div>
    <div
      class="emotion-3"
      data-testid="4,4"
      role="cell"
    >
      2
    </div>
    <div
      class="emotion-1"
      data-testid="4,5"
      role="cell"
    >
      <div
        class="emotion-2"
        data-testid="bomb_4,5"
      />
    </div>
    <div
      class="emotion-6"
      data-testid="4,6"
      role="cell"
    >
      1
    </div>
    <div
      class="emotion-6"
      data-testid="4,7"
      role="cell"
    >
      1
    </div>
    <div
      class="emotion-6"
      data-testid="4,8"
      role="cell"
    >
      1
    </div>
    <div
      class="emotion-7"
      data-testid="4,9"
      role="cell"
    >
      0
    </div>
    <div
      class="emotion-7"
      data-testid="4,10"
      role="cell"
    >
      0
    </div>
    <div
      class="emotion-7"
      data-testid="4,11"
      role="cell"
    >
      0
    </div>
    <div
      class="emotion-7"
      data-testid="5,0"
      role="cell"
    >
      0
    </div>
    <div
      class="emotion-6"
      data-testid="5,1"
      role="cell"
    >
      1
    </div>
    <div
      class="emotion-1"
      data-testid="5,2"
      role="cell"
    >
      <div
        class="emotion-2"
        data-testid="bomb_5,2"
      />
    </div>
    <div
      class="emotion-72"
      data-testid="5,3"
      role="cell"
    >
      3
    </div>
    <div
      class="emotion-1"
      data-testid="5,4"
      role="cell"
    >
      <div
        class="emotion-2"
        data-testid="bomb_5,4"
      />
    </div>
    <div
      class="emotion-3"
      data-testid="5,5"
      role="cell"
    >
      2
    </div>
    <div
      class="emotion-34"
      data-testid="5,6"
      role="cell"
    >
      10
    </div>
    <div
      class="emotion-7"
      data-testid="5,7"
      role="cell"
    >
      0
    </div>
    <div
      class="emotion-7"
      data-testid="5,8"
      role="cell"
    >
      0
    </div>
    <div
      class="emotion-3"
      data-testid="5,9"
      role="cell"
    >
      2
    </div>
    <div
      class="emotion-6"
      data-testid="5,10"
      role="cell"
    >
      1
    </div>
    <div
      class="emotion-6"
      data-testid="5,11"
      role="cell"
    >
      1
    </div>
    <div
      class="emotion-7"
      data-testid="6,0"
      role="cell"
    >
      0
    </div>
    <div
      class="emotion-3"
      data-testid="6,1"
      role="cell"
    >
      2
    </div>
    <div
      class="emotion-3"
      data-testid="6,2"
      role="cell"
    >
      2
    </div>
    <div
      class="emotion-85"
      data-testid="6,3"
      role="cell"
    >
      4
    </div>
    <div
      class="emotion-1"
      data-testid="6,4"
      role="cell"
    >
      <div
        class="emotion-2"
        data-testid="bomb_6,4"
      />
    </div>
    <div
      class="emotion-3"
      data-testid="6,5"
      role="cell"
    >
      2
    </div>
    <div
      class="emotion-34"
      data-testid="6,6"
      role="cell"
    >
      10
    </div>
    <div
      class="emotion-6"
      data-testid="6,7"
      role="cell"
    >
      1
    </div>
    <div
      class="emotion-6"
      data-testid="6,8"
      role="cell"
    >
      1
    </div>
    <div
      class="emotion-6"
      data-testid="6,9"
      role="cell"
    >
      1
    </div>
    <div
      class="emotion-1"
      data-testid="6,10"
      role="cell"
    >
      <div
        class="emotion-2"
        data-testid="bomb_6,10"
      />
    </div>
    <div
      class="emotion-6"
      data-testid="6,11"
      role="cell"
    >
      1
    </div>
    <div
      class="emotion-7"
      data-testid="7,0"
      role="cell"
    >
      0
    </div>
    <div
      class="emotion-6"
      data-testid="7,1"
      role="cell"
    >
      1
    </div>
    <div
      class="emotion-1"
      data-testid="7,2"
      role="cell"
    >
      <div
        class="emotion-2"
        data-testid="bomb_7,2"
      />
    </div>
    <div
      class="emotion-3"
      data-testid="7,3"
      role="cell"
    >
      2
    </div>
    <div
      class="emotion-6"
      data-testid="7,4"
      role="cell"
    >
      1
    </div>
    <div
      class="emotion-6"
      data-testid="7,5"
      role="cell"
    >
      1
    </div>
    <div
      class="emotion-6"
      data-testid="7,6"
      role="cell"
    >
      1
    </div>
    <div
      class="emotion-1"
      data-testid="7,7"
      role="cell"
    >
      <div
        class="emotion-2"
        data-testid="bomb_7,7"
      />
    </div>
    <div
      class="emotion-6"
      data-testid="7,8"
      role="cell"
    >
      1
    </div>
    <div
      class="emotion-3"
      data-testid="7,9"
      role="cell"
    >
      2
    </div>
    <div
      class="emotion-3"
      data-testid="7,10"
      role="cell"
    >
      2
    </div>
    <div
      class="emotion-3"
      data-testid="7,11"
      role="cell"
    >
      2
    </div>
    <div
      class="emotion-7"
      data-testid="8,0"
      role="cell"
    >
      0
    </div>
    <div
      class="emotion-6"
      data-testid="8,1"
      role="cell"
    >
      1
    </div>
    <div
      class="emotion-34"
      data-testid="8,2"
      role="cell"
    >
      10
    </div>
    <div
      class="emotion-34"
      data-testid="8,3"
      role="cell"
    >
      10
    </div>
    <div
      class="emotion-7"
      data-testid="8,4"
      role="cell"
    >
      0
    </div>
    <div
      class="emotion-7"
      data-testid="8,5"
      role="cell"
    >
      0
    </div>
    <div
      class="emotion-6"
      data-testid="8,6"
      role="cell"
    >
      1
    </div>
    <div
      class="emotion-6"
      data-testid="8,7"
      role="cell"
    >
      1
    </div>
    <div
      class="emotion-6"
      data-testid="8,8"
      role="cell"
    >
      1
    </div>
    <div
      class="emotion-6"
      data-testid="8,9"
      role="cell"
    >
      1
    </div>
    <div
      class="emotion-1"
      data-testid="8,10"
      role="cell"
    >
      <div
        class="emotion-2"
        data-testid="bomb_8,10"
      />
    </div>
    <div
      class="emotion-6"
      data-testid="8,11"
      role="cell"
    >
      1
    </div>
    <div
      class="emotion-7"
      data-testid="9,0"
      role="cell"
    >
      0
    </div>
    <div
      class="emotion-6"
      data-testid="9,1"
      role="cell"
    >
      1
    </div>
    <div
      class="emotion-34"
      data-testid="9,2"
      role="cell"
    >
      10
    </div>
    <div
      class="emotion-34"
      data-testid="9,3"
      role="cell"
    >
      10
    </div>
    <div
      class="emotion-7"
      data-testid="9,4"
      role="cell"
    >
      0
    </div>
    <div
      class="emotion-7"
      data-testid="9,5"
      role="cell"
    >
      0
    </div>
    <div
      class="emotion-6"
      data-testid="9,6"
      role="cell"
    >
      1
    </div>
    <div
      class="emotion-6"
      data-testid="9,7"
      role="cell"
    >
      1
    </div>
    <div
      class="emotion-6"
      data-testid="9,8"
      role="cell"
    >
      1
    </div>
    <div
      class="emotion-6"
      data-testid="9,9"
      role="cell"
    >
      1
    </div>
    <div
      class="emotion-1"
      data-testid="9,10"
      role="cell"
    >
      <div
        class="emotion-2"
        data-testid="bomb_9,10"
      />
    </div>
    <div
      class="emotion-6"
      data-testid="9,11"
      role="cell"
    >
      1
    </div>
    <div
      class="emotion-7"
      data-testid="10,0"
      role="cell"
    >
      0
    </div>
    <div
      class="emotion-6"
      data-testid="10,1"
      role="cell"
    >
      1
    </div>
    <div
      class="emotion-6"
      data-testid="10,2"
      role="cell"
    >
      1
    </div>
    <div
      class="emotion-6"
      data-testid="10,3"
      role="cell"
    >
      1
    </div>
    <div
      class="emotion-7"
      data-testid="10,4"
      role="cell"
    >
      0
    </div>
    <div
      class="emotion-7"
      data-testid="10,5"
      role="cell"
    >
      0
    </div>
    <div
      class="emotion-6"
      data-testid="10,6"
      role="cell"
    >
      1
    </div>
    <div
      class="emotion-6"
      data-testid="10,7"
      role="cell"
    >
      1
    </div>
    <div
      class="emotion-6"
      data-testid="10,8"
      role="cell"
    >
      1
    </div>
    <div
      class="emotion-6"
      data-testid="10,9"
      role="cell"
    >
      1
    </div>
    <div
      class="emotion-1"
      data-testid="10,10"
      role="cell"
    >
      <div
        class="emotion-2"
        data-testid="bomb_10,10"
      />
    </div>
    <div
      class="emotion-6"
      data-testid="10,11"
      role="cell"
    >
      1
    </div>
    <div
      class="emotion-7"
      data-testid="11,0"
      role="cell"
    >
      0
    </div>
    <div
      class="emotion-6"
      data-testid="11,1"
      role="cell"
    >
      1
    </div>
    <div
      class="emotion-6"
      data-testid="11,2"
      role="cell"
    >
      1
    </div>
    <div
      class="emotion-6"
      data-testid="11,3"
      role="cell"
    >
      1
    </div>
    <div
      class="emotion-7"
      data-testid="11,4"
      role="cell"
    >
      0
    </div>
    <div
      class="emotion-7"
      data-testid="11,5"
      role="cell"
    >
      0
    </div>
    <div
      class="emotion-6"
      data-testid="11,6"
      role="cell"
    >
      1
    </div>
    <div
      class="emotion-6"
      data-testid="11,7"
      role="cell"
    >
      1
    </div>
    <div
      class="emotion-6"
      data-testid="11,8"
      role="cell"
    >
      1
    </div>
    <div
      class="emotion-6"
      data-testid="11,9"
      role="cell"
    >
      1
    </div>
    <div
      class="emotion-1"
      data-testid="11,10"
      role="cell"
    >
      <div
        class="emotion-2"
        data-testid="bomb_11,10"
      />
    </div>
    <div
      class="emotion-6"
      data-testid="11,11"
      role="cell"
    >
      1
    </div>
  </div>
</DocumentFragment>
`;